[[90m13:51:46[39m] Using gulpfile G:\Fifth-Aeon\Fifth-Aeon-Server\gulpfile.js
[[90m13:51:46[39m] Starting 'scripts'...
(node:12852) [DEP0180] DeprecationWarning: fs.Stats constructor is deprecated.
(Use `node --trace-deprecation ...` to show where the warning was created)
[[90m13:51:51[39m] Finished 'scripts' after 4.44 s
[[90m13:52:46[39m] Using gulpfile G:\Fifth-Aeon\Fifth-Aeon-Server\gulpfile.js
[[90m13:52:46[39m] Starting 'scripts'...
(node:4872) [DEP0180] DeprecationWarning: fs.Stats constructor is deprecated.
(Use `node --trace-deprecation ...` to show where the warning was created)
[[90m13:52:50[39m] Finished 'scripts' after 3.52 s
[[90m13:56:38[39m] Using gulpfile G:\Fifth-Aeon\Fifth-Aeon-Server\gulpfile.js
[[90m13:56:38[39m] Starting 'scripts'...
(node:9272) [DEP0180] DeprecationWarning: fs.Stats constructor is deprecated.
(Use `node --trace-deprecation ...` to show where the warning was created)
[[90m13:56:41[39m] Finished 'scripts' after 3.78 s
[[90m13:57:08[39m] Using gulpfile G:\Fifth-Aeon\Fifth-Aeon-Server\gulpfile.js
[[90m13:57:08[39m] Starting 'scripts'...
(node:17608) [DEP0180] DeprecationWarning: fs.Stats constructor is deprecated.
(Use `node --trace-deprecation ...` to show where the warning was created)
[[90m13:57:13[39m] Finished 'scripts' after 4.99 s
[[90m14:00:19[39m] Using gulpfile G:\Fifth-Aeon\Fifth-Aeon-Server\gulpfile.js
[[90m14:00:19[39m] Starting 'scripts'...
(node:6640) [DEP0180] DeprecationWarning: fs.Stats constructor is deprecated.
(Use `node --trace-deprecation ...` to show where the warning was created)
[[90m14:00:22[39m] Finished 'scripts' after 3.66 s
[[90m14:02:05[39m] Using gulpfile G:\Fifth-Aeon\Fifth-Aeon-Server\gulpfile.js
[[90m14:02:05[39m] Starting 'scripts'...
(node:19452) [DEP0180] DeprecationWarning: fs.Stats constructor is deprecated.
(Use `node --trace-deprecation ...` to show where the warning was created)
[[90m14:02:08[39m] Finished 'scripts' after 3.48 s
[[90m14:02:29[39m] Using gulpfile G:\Fifth-Aeon\Fifth-Aeon-Server\gulpfile.js
[[90m14:02:29[39m] Starting 'scripts'...
(node:7016) [DEP0180] DeprecationWarning: fs.Stats constructor is deprecated.
(Use `node --trace-deprecation ...` to show where the warning was created)
[[90m14:02:34[39m] Finished 'scripts' after 5.01 s
[[90m14:03:07[39m] Using gulpfile G:\Fifth-Aeon\Fifth-Aeon-Server\gulpfile.js
[[90m14:03:07[39m] Starting 'scripts'...
(node:17876) [DEP0180] DeprecationWarning: fs.Stats constructor is deprecated.
(Use `node --trace-deprecation ...` to show where the warning was created)
[[90m14:03:22[39m] Using gulpfile G:\Fifth-Aeon\Fifth-Aeon-Server\gulpfile.js
[[90m14:03:22[39m] Starting 'scripts'...
(node:15648) [DEP0180] DeprecationWarning: fs.Stats constructor is deprecated.
(Use `node --trace-deprecation ...` to show where the warning was created)
[[90m14:03:25[39m] Finished 'scripts' after 3.47 s
[[90m14:05:25[39m] Using gulpfile G:\Fifth-Aeon\Fifth-Aeon-Server\gulpfile.js
[[90m14:05:25[39m] Starting 'scripts'...
(node:18988) [DEP0180] DeprecationWarning: fs.Stats constructor is deprecated.
(Use `node --trace-deprecation ...` to show where the warning was created)
[[90m14:05:29[39m] Finished 'scripts' after 3.41 s
[[90m15:14:57[39m] Using gulpfile G:\Fifth-Aeon\Fifth-Aeon-Server\gulpfile.js
[[90m15:14:57[39m] Starting 'scripts'...
(node:12860) [DEP0180] DeprecationWarning: fs.Stats constructor is deprecated.
(Use `node --trace-deprecation ...` to show where the warning was created)
[[90m15:15:03[39m] Finished 'scripts' after 6.32 s
[[90m16:03:36[39m] Using gulpfile G:\Fifth-Aeon\Fifth-Aeon-Server\gulpfile.js
[[90m16:03:36[39m] Starting 'scripts'...
(node:3268) [DEP0180] DeprecationWarning: fs.Stats constructor is deprecated.
(Use `node --trace-deprecation ...` to show where the warning was created)
[[90m16:03:41[39m] Finished 'scripts' after 4.84 s
